======================================================================
PartyOnce 四闭环验收测试 - 监理复核
======================================================================

【闭环A】供应商入驻
✅ PASS - A1.用户注册 (HTTP 200)
✅ PASS - A2.用户登录 (HTTP 200)
✅ PASS - A3.供应商申请 (HTTP 200)
✅ PASS - A4.查询供应商 (HTTP 200)
✅ PASS - A5.合同列表 (HTTP 200)

【闭环B】模板库
✅ PASS - B1.模板列表 (HTTP 200)
✅ PASS - B2.模板详情 (HTTP 200)

【闭环C】分享归因 ⭐关键验证项
✅ PASS - C1.创建分享链接 (HTTP 200)
       share_code: ZQW6XCB9
       [关键] share_code生成: ZQW6XCB9
✅ PASS - C2.访问落地页 (HTTP 200)
❌ FAIL - C3.追踪click事件 (HTTP 401)

【闭环D】钱包返利
✅ PASS - D1.查看钱包 (HTTP 200)
✅ PASS - D2.查看钱包流水 (HTTP 200)

======================================================================
验收结果: 11/12 通过
⚠️ 1 项未通过
  - C3.追踪click事件: ❌ FAIL
======================================================================
